/*--------------------------------*- C++ -*------------------------------------*\
| O pen         | OpenSea:  The Open Source Seakeeping Suite                    |
| S eakeeping   | Version:  1.0                                                 |
| E valuation   | Web:      www.opensea.dmsonline.us                            |
| A nalysis     |                                                               |
\*-----------------------------------------------------------------------------*/
seafile
{
    version     1.0;
    format      ascii;
    object      frequency;
}
// * * * * * * * * * * * * * * * * * * * * * * * * * * * * * * * * * * * * * //
frequency (
  0.050
  0.148
  0.245
  0.343
  0.440
  0.538
  0.635
  0.733
  0.830
  0.928
  1.025
  1.123
  1.220
  1.318
  1.415
  1.513
  1.610
  1.708
  1.805
  1.903
  2.000
  );
// ************************************************************************* //
