/*--------------------------------*- C++ -*------------------------------------*\
| O pen         | OpenSea:  The Open Source Seakeeping Suite                    |
| S eakeeping   | Version:  1.0                                                 |
| E valuation   | Web:      www.opensea.dmsonline.us                            |
| A nalysis     |                                                               |
\*-----------------------------------------------------------------------------*/
seafile
{
    version     1.0;
    format      ascii;
    object      accglobal;
}
// * * * * * * * * * * * * * * * * * * * * * * * * * * * * * * * * * * * * * //
body {
  name "body1";
  data {
    frequency 1
    value (
    -0.00125157444302525+1.0938376729302e-20i
    0.0+0.0i
    0.0+0.0i
    1.0+0.0i
    0.0+0.0i
    0.0+0.0i
    );
  }
  data {
    frequency 2
    value (
    -0.0109978460757617+8.44607075763599e-19i
    0.0+0.0i
    0.0+0.0i
    1.0+0.0i
    0.0+0.0i
    0.0+0.0i
    );
  }
  data {
    frequency 3
    value (
    -0.030941353045634+6.68525409548215e-18i
    0.0+0.0i
    0.0+0.0i
    1.0+0.0i
    0.0+0.0i
    0.0+0.0i
    );
  }
  data {
    frequency 4
    value (
    -0.0623081042052535+2.7109918025363e-17i
    0.0+0.0i
    0.0+0.0i
    1.0+0.0i
    0.0+0.0i
    0.0+0.0i
    );
  }
  data {
    frequency 5
    value (
    -0.107175182101831+8.02097827952036e-17i
    0.0+0.0i
    0.0+0.0i
    1.0+0.0i
    0.0+0.0i
    0.0+0.0i
    );
  }
  data {
    frequency 6
    value (
    -0.168843988536998+1.99071814235052e-16i
    0.0+0.0i
    0.0+0.0i
    1.0+0.0i
    0.0+0.0i
    0.0+0.0i
    );
  }
  data {
    frequency 7
    value (
    -0.252525825536652+4.45297025958175e-16i
    0.0+0.0i
    0.0+0.0i
    1.0+0.0i
    0.0+0.0i
    0.0+0.0i
    );
  }
  data {
    frequency 8
    value (
    -0.366640835565721+9.38684027464752e-16i
    0.0+0.0i
    0.0+0.0i
    1.0+0.0i
    0.0+0.0i
    0.0+0.0i
    );
  }
  data {
    frequency 9
    value (
    -0.525437963945859+1.92788071482807e-15i
    0.0+0.0i
    0.0+0.0i
    1.0+0.0i
    0.0+0.0i
    0.0+0.0i
    );
  }
  data {
    frequency 10
    value (
    -0.754781249487635+3.97812942465085e-15i
    0.0+0.0i
    0.0+0.0i
    1.0+0.0i
    0.0+0.0i
    0.0+0.0i
    );
  }
  data {
    frequency 11
    value (
    -1.1066486630658+8.5517620550057e-15i
    0.0+0.0i
    0.0+0.0i
    1.0+0.0i
    0.0+0.0i
    0.0+0.0i
    );
  }
  data {
    frequency 12
    value (
    -1.70272198803233+2.02452379669613e-14i
    0.0+0.0i
    0.0+0.0i
    1.0+0.0i
    0.0+0.0i
    0.0+0.0i
    );
  }
  data {
    frequency 13
    value (
    -2.90929277666176+5.91029976830787e-14i
    0.0+0.0i
    0.0+0.0i
    1.0+0.0i
    0.0+0.0i
    0.0+0.0i
    );
  }
  data {
    frequency 14
    value (
    -6.57016311813786+3.01429773530342e-13i
    0.0+0.0i
    0.0+0.0i
    1.0+0.0i
    0.0+0.0i
    0.0+0.0i
    );
  }
  data {
    frequency 15
    value (
    899.86918948593+5.6544678326866e-09i
    0.0+0.0i
    0.0+0.0i
    1.0+0.0i
    0.0+0.0i
    0.0+0.0i
    );
  }
  data {
    frequency 16
    value (
    7.95274307376068+4.41645312038884e-13i
    0.0+0.0i
    0.0+0.0i
    1.0+0.0i
    0.0+0.0i
    0.0+0.0i
    );
  }
  data {
    frequency 17
    value (
    4.37780780228994+1.33829884305797e-13i
    0.0+0.0i
    0.0+0.0i
    1.0+0.0i
    0.0+0.0i
    0.0+0.0i
    );
  }
  data {
    frequency 18
    value (
    3.18446436212144+7.08129205728687e-14i
    0.0+0.0i
    0.0+0.0i
    1.0+0.0i
    0.0+0.0i
    0.0+0.0i
    );
  }
  data {
    frequency 19
    value (
    2.58979352519161+4.68349436521626e-14i
    0.0+0.0i
    0.0+0.0i
    1.0+0.0i
    0.0+0.0i
    0.0+0.0i
    );
  }
  data {
    frequency 20
    value (
    2.23494429206011+3.48797308794966e-14i
    0.0+0.0i
    0.0+0.0i
    1.0+0.0i
    0.0+0.0i
    0.0+0.0i
    );
  }
  data {
    frequency 21
    value (
    2.23494429206011+3.48797308794966e-14i
    0.0+0.0i
    0.0+0.0i
    1.0+0.0i
    0.0+0.0i
    0.0+0.0i
    );
  }
}
// ************************************************************************* //
