/*--------------------------------*- C++ -*------------------------------------*\
| O pen         | OpenSea:  The Open Source Seakeeping Suite                    |
| S eakeeping   | Version:  1.0                                                 |
| E valuation   | Web:      www.opensea.dmsonline.us                            |
| A nalysis     |                                                               |
\*-----------------------------------------------------------------------------*/
seafile
{
    version     1.0;
    format      ascii;
    object      motglobal;
}
// * * * * * * * * * * * * * * * * * * * * * * * * * * * * * * * * * * * * * //
body {
  name "body1";
  data {
    frequency 1
    value (
    0.500629777210097-4.3753506917208e-18i
    0.0+0.0i
    0.0+0.0i
    1.0+0.0i
    0.0+0.0i
    0.0+0.0i
    );
  }
  data {
    frequency 2
    value (
    0.505502836001686-3.88213536691111e-17i
    0.0+0.0i
    0.0+0.0i
    1.0+0.0i
    0.0+0.0i
    0.0+0.0i
    );
  }
  data {
    frequency 3
    value (
    0.51547443641206-1.11374495551556e-16i
    0.0+0.0i
    0.0+0.0i
    1.0+0.0i
    0.0+0.0i
    0.0+0.0i
    );
  }
  data {
    frequency 4
    value (
    0.531157582867525-2.3110378198402e-16i
    0.0+0.0i
    0.0+0.0i
    1.0+0.0i
    0.0+0.0i
    0.0+0.0i
    );
  }
  data {
    frequency 5
    value (
    0.553590816641687-4.14306729314069e-16i
    0.0+0.0i
    0.0+0.0i
    1.0+0.0i
    0.0+0.0i
    0.0+0.0i
    );
  }
  data {
    frequency 6
    value (
    0.584424838635361-6.89053332127816e-16i
    0.0+0.0i
    0.0+0.0i
    1.0+0.0i
    0.0+0.0i
    0.0+0.0i
    );
  }
  data {
    frequency 7
    value (
    0.626265299861496-1.10433883305394e-15i
    0.0+0.0i
    0.0+0.0i
    1.0+0.0i
    0.0+0.0i
    0.0+0.0i
    );
  }
  data {
    frequency 8
    value (
    0.683322271552557-1.74946061566658e-15i
    0.0+0.0i
    0.0+0.0i
    1.0+0.0i
    0.0+0.0i
    0.0+0.0i
    );
  }
  data {
    frequency 9
    value (
    0.762720226369369-2.79849138456681e-15i
    0.0+0.0i
    0.0+0.0i
    1.0+0.0i
    0.0+0.0i
    0.0+0.0i
    );
  }
  data {
    frequency 10
    value (
    0.877391183717218-4.62435399295367e-15i
    0.0+0.0i
    0.0+0.0i
    1.0+0.0i
    0.0+0.0i
    0.0+0.0i
    );
  }
  data {
    frequency 11
    value (
    1.05332412903348-8.13969023676926e-15i
    0.0+0.0i
    0.0+0.0i
    1.0+0.0i
    0.0+0.0i
    0.0+0.0i
    );
  }
  data {
    frequency 12
    value (
    1.35135995399414-1.60675694798826e-14i
    0.0+0.0i
    0.0+0.0i
    1.0+0.0i
    0.0+0.0i
    0.0+0.0i
    );
  }
  data {
    frequency 13
    value (
    1.95464443473647-3.97090820230306e-14i
    0.0+0.0i
    0.0+0.0i
    1.0+0.0i
    0.0+0.0i
    0.0+0.0i
    );
  }
  data {
    frequency 14
    value (
    3.78507861585235-1.73654043203463e-13i
    0.0+0.0i
    0.0+0.0i
    1.0+0.0i
    0.0+0.0i
    0.0+0.0i
    );
  }
  data {
    frequency 15
    value (
    -449.434598751854-2.82409211386662e-09i
    0.0+0.0i
    0.0+0.0i
    1.0+0.0i
    0.0+0.0i
    0.0+0.0i
    );
  }
  data {
    frequency 16
    value (
    -3.47637153692155-1.93055801997736e-13i
    0.0+0.0i
    0.0+0.0i
    1.0+0.0i
    0.0+0.0i
    0.0+0.0i
    );
  }
  data {
    frequency 17
    value (
    -1.68890390119592-5.16299079147396e-14i
    0.0+0.0i
    0.0+0.0i
    1.0+0.0i
    0.0+0.0i
    0.0+0.0i
    );
  }
  data {
    frequency 18
    value (
    -1.09223218112202-2.42879623992398e-14i
    0.0+0.0i
    0.0+0.0i
    1.0+0.0i
    0.0+0.0i
    0.0+0.0i
    );
  }
  data {
    frequency 19
    value (
    -0.794896762668061-1.43752560683735e-14i
    0.0+0.0i
    0.0+0.0i
    1.0+0.0i
    0.0+0.0i
    0.0+0.0i
    );
  }
  data {
    frequency 20
    value (
    -0.617472146113883-9.63659915754991e-15i
    0.0+0.0i
    0.0+0.0i
    1.0+0.0i
    0.0+0.0i
    0.0+0.0i
    );
  }
  data {
    frequency 21
    value (
    -0.617472146113883-9.63659915754991e-15i
    0.0+0.0i
    0.0+0.0i
    1.0+0.0i
    0.0+0.0i
    0.0+0.0i
    );
  }
}
// ************************************************************************* //
