/*--------------------------------*- C++ -*------------------------------------*\
| O pen         | OpenSea:  The Open Source Seakeeping Suite                    |
| S eakeeping   | Version:  1.0                                                 |
| E valuation   | Web:      www.opensea.dmsonline.us                            |
| A nalysis     |                                                               |
\*-----------------------------------------------------------------------------*/
seafile
{
    version     1.0;
    format      ascii;
    object      velglobal;
}
// * * * * * * * * * * * * * * * * * * * * * * * * * * * * * * * * * * * * * //
body {
  name "body1";
  data {
    frequency 1
    value (
    2.1876753458604e-19+0.0250314888605049i
    0.0+0.0i
    0.0+0.0i
    1.0+0.0i
    0.0+0.0i
    0.0+0.0i
    );
  }
  data {
    frequency 2
    value (
    5.72614966619389e-18+0.0745616683102487i
    0.0+0.0i
    0.0+0.0i
    1.0+0.0i
    0.0+0.0i
    0.0+0.0i
    );
  }
  data {
    frequency 3
    value (
    2.72867514101312e-17+0.126291236920955i
    0.0+0.0i
    0.0+0.0i
    1.0+0.0i
    0.0+0.0i
    0.0+0.0i
    );
  }
  data {
    frequency 4
    value (
    7.91530453295269e-17+0.181921472132127i
    0.0+0.0i
    0.0+0.0i
    1.0+0.0i
    0.0+0.0i
    0.0+0.0i
    );
  }
  data {
    frequency 5
    value (
    1.8229496089819e-16+0.243579959322342i
    0.0+0.0i
    0.0+0.0i
    1.0+0.0i
    0.0+0.0i
    0.0+0.0i
    );
  }
  data {
    frequency 6
    value (
    3.70366166018701e-16+0.314128350766507i
    0.0+0.0i
    0.0+0.0i
    1.0+0.0i
    0.0+0.0i
    0.0+0.0i
    );
  }
  data {
    frequency 7
    value (
    7.01255158989252e-16+0.39767846541205i
    0.0+0.0i
    0.0+0.0i
    1.0+0.0i
    0.0+0.0i
    0.0+0.0i
    );
  }
  data {
    frequency 8
    value (
    1.28147990097577e-15+0.500533563912248i
    0.0+0.0i
    0.0+0.0i
    1.0+0.0i
    0.0+0.0i
    0.0+0.0i
    );
  }
  data {
    frequency 9
    value (
    2.32274784919045e-15+0.633057787886577i
    0.0+0.0i
    0.0+0.0i
    1.0+0.0i
    0.0+0.0i
    0.0+0.0i
    );
  }
  data {
    frequency 10
    value (
    4.28908832846453e-15+0.81378032289772i
    0.0+0.0i
    0.0+0.0i
    1.0+0.0i
    0.0+0.0i
    0.0+0.0i
    );
  }
  data {
    frequency 11
    value (
    8.34318249268849e-15+1.07965723225932i
    0.0+0.0i
    0.0+0.0i
    1.0+0.0i
    0.0+0.0i
    0.0+0.0i
    );
  }
  data {
    frequency 12
    value (
    1.80358467411682e-14+1.51690154835842i
    0.0+0.0i
    0.0+0.0i
    1.0+0.0i
    0.0+0.0i
    0.0+0.0i
    );
  }
  data {
    frequency 13
    value (
    4.84450800680973e-14+2.38466621037849i
    0.0+0.0i
    0.0+0.0i
    1.0+0.0i
    0.0+0.0i
    0.0+0.0i
    );
  }
  data {
    frequency 14
    value (
    2.28789201920563e-13+4.98684107638547i
    0.0+0.0i
    0.0+0.0i
    1.0+0.0i
    0.0+0.0i
    0.0+0.0i
    );
  }
  data {
    frequency 15
    value (
    3.99609034112127e-09-635.949957233873i
    0.0+0.0i
    0.0+0.0i
    1.0+0.0i
    0.0+0.0i
    0.0+0.0i
    );
  }
  data {
    frequency 16
    value (
    2.91996900521576e-13-5.25801194959384i
    0.0+0.0i
    0.0+0.0i
    1.0+0.0i
    0.0+0.0i
    0.0+0.0i
    );
  }
  data {
    frequency 17
    value (
    8.31241517427308e-14-2.71913528092543i
    0.0+0.0i
    0.0+0.0i
    1.0+0.0i
    0.0+0.0i
    0.0+0.0i
    );
  }
  data {
    frequency 18
    value (
    4.1471695796702e-14-1.86498644926585i
    0.0+0.0i
    0.0+0.0i
    1.0+0.0i
    0.0+0.0i
    0.0+0.0i
    );
  }
  data {
    frequency 19
    value (
    2.59473372034142e-14-1.43478865661585i
    0.0+0.0i
    0.0+0.0i
    1.0+0.0i
    0.0+0.0i
    0.0+0.0i
    );
  }
  data {
    frequency 20
    value (
    1.83336298972387e-14-1.17474075798166i
    0.0+0.0i
    0.0+0.0i
    1.0+0.0i
    0.0+0.0i
    0.0+0.0i
    );
  }
  data {
    frequency 21
    value (
    1.83336298972387e-14-1.17474075798166i
    0.0+0.0i
    0.0+0.0i
    1.0+0.0i
    0.0+0.0i
    0.0+0.0i
    );
  }
}
// ************************************************************************* //
